12345
67890abcedfghijklmnopqrstuvwxyz

abcdefghijklmnopqrstrvwxyz


